[2026-05-30 20:55:29] PAYLOAD_START
[2026-05-30 20:55:29] IDENTITY_DISCOVERY_START
bunny
uid=1000(bunny) gid=1000(bunny) groups=1000(bunny),4(adm),24(cdrom),27(sudo),30(dip),46(plugdev),100(users),111(lpadmin),114(lxd)
[2026-05-30 20:55:29] IDENTITY_DISCOVERY_COMPLETE
[2026-05-30 20:55:29] HOST_DISCOVERY_START
bunny-VirtualBox
Linux bunny-VirtualBox 7.0.0-15-generic #15-Ubuntu SMP PREEMPT_DYNAMIC Wed Apr 22 16:06:43 UTC 2026 x86_64 GNU/Linux
[2026-05-30 20:55:29] HOST_DISCOVERY_COMPLETE
[2026-05-30 20:55:29] PROCESS_DISCOVERY_START
USER         PID %CPU %MEM    VSZ   RSS TTY      STAT START   TIME COMMAND
root           1  0.5  0.4  26348 17400 ?        Ss   13:05   2:29 /usr/lib/systemd/systemd --switched-root --system --deserialize=52 splash
root           2  0.0  0.0      0     0 ?        S    13:05   0:01 [kthreadd]
root           3  0.0  0.0      0     0 ?        S    13:05   0:00 [pool_workqueue_release]
root           4  0.0  0.0      0     0 ?        I<   13:05   0:00 [kworker/R-rcu_gp]
root           5  0.0  0.0      0     0 ?        I<   13:05   0:00 [kworker/R-sync_wq]
root           6  0.0  0.0      0     0 ?        I<   13:05   0:00 [kworker/R-kvfree_rcu_reclaim]
root           7  0.0  0.0      0     0 ?        I<   13:05   0:00 [kworker/R-slub_flushwq]
root           8  0.0  0.0      0     0 ?        I<   13:05   0:00 [kworker/R-netns]
root          12  0.0  0.0      0     0 ?        I    13:05   0:00 [kworker/u8:0-ipv6_addrconf]
root          13  0.0  0.0      0     0 ?        I<   13:05   0:00 [kworker/R-mm_percpu_wq]
root          14  0.3  0.0      0     0 ?        S    13:05   1:32 [ksoftirqd/0]
root          15  0.4  0.0      0     0 ?        I    13:05   2:01 [rcu_preempt]
root          16  0.0  0.0      0     0 ?        S    13:05   0:00 [rcu_exp_par_gp_kthread_worker/0]
root          17  0.0  0.0      0     0 ?        S    13:05   0:05 [rcu_exp_gp_kthread_worker]
root          18  0.0  0.0      0     0 ?        S    13:05   0:03 [migration/0]
root          19  0.0  0.0      0     0 ?        S    13:05   0:00 [kprobe-optimizer]
root          20  0.0  0.0      0     0 ?        S    13:05   0:00 [idle_inject/0]
root          21  0.0  0.0      0     0 ?        S    13:05   0:00 [cpuhp/0]
root          22  0.0  0.0      0     0 ?        S    13:05   0:00 [cpuhp/1]
root          23  0.0  0.0      0     0 ?        S    13:05   0:00 [idle_inject/1]
root          24  0.0  0.0      0     0 ?        S    13:05   0:05 [migration/1]
root          25  2.6  0.0      0     0 ?        S    13:05  12:22 [ksoftirqd/1]
root          30  0.0  0.0      0     0 ?        S    13:05   0:00 [kdevtmpfs]
root          31  0.0  0.0      0     0 ?        I<   13:05   0:00 [kworker/R-inet_frag_wq]
root          32  0.0  0.0      0     0 ?        I    13:05   0:00 [rcu_tasks_kthread]
root          33  0.0  0.0      0     0 ?        I    13:05   0:00 [rcu_tasks_rude_kthread]
root          34  0.4  0.0      0     0 ?        S    13:05   1:54 [kauditd]
root          35  0.0  0.0      0     0 ?        S    13:05   0:01 [khungtaskd]
root          36  0.0  0.0      0     0 ?        S    13:05   0:00 [oom_reaper]
root          38  0.0  0.0      0     0 ?        I<   13:05   0:00 [kworker/R-writeback]
root          40  0.0  0.0      0     0 ?        S    13:05   0:25 [kcompactd0]
root          41  0.0  0.0      0     0 ?        SN   13:05   0:00 [ksmd]
root          42  0.0  0.0      0     0 ?        SN   13:05   0:00 [khugepaged]
root          43  0.0  0.0      0     0 ?        I<   13:05   0:00 [kworker/R-kblockd]
root          44  0.0  0.0      0     0 ?        I<   13:05   0:00 [kworker/R-blkcg_punt_bio]
root          45  0.0  0.0      0     0 ?        I<   13:05   0:00 [kworker/R-kintegrityd]
root          46  0.0  0.0      0     0 ?        S    13:05   0:00 [irq/9-acpi]
root          48  0.0  0.0      0     0 ?        I<   13:05   0:00 [kworker/R-tpm_dev_wq]
root          49  0.0  0.0      0     0 ?        I<   13:05   0:01 [kworker/R-ata_sff]
root          50  0.0  0.0      0     0 ?        I<   13:05   0:00 [kworker/R-md_bitmap]
root          51  0.0  0.0      0     0 ?        I<   13:05   0:00 [kworker/R-md_llbitmap_io]
root          52  0.0  0.0      0     0 ?        I<   13:05   0:00 [kworker/R-md_llbitmap_unplug]
root          53  0.0  0.0      0     0 ?        I<   13:05   0:00 [kworker/R-md]
root          54  0.0  0.0      0     0 ?        I<   13:05   0:00 [kworker/R-edac-poller]
root          55  0.0  0.0      0     0 ?        I<   13:05   0:00 [kworker/R-devfreq_wq]
root          56  0.0  0.0      0     0 ?        S    13:05   0:00 [watchdogd]
root          57  0.0  0.0      0     0 ?        I<   13:05   0:00 [kworker/R-quota_events_unbound]
root          58  0.0  0.0      0     0 ?        S    13:05   0:02 [kswapd0]
root          59  0.0  0.0      0     0 ?        S    13:05   0:00 [ecryptfs-kthread]
root          60  0.0  0.0      0     0 ?        I<   13:05   0:00 [kworker/R-kthrotld]
root          61  0.0  0.0      0     0 ?        I<   13:05   0:00 [kworker/R-acpi_thermal_pm]
root          64  0.0  0.0      0     0 ?        S    13:05   0:00 [scsi_eh_0]
root          65  0.0  0.0      0     0 ?        I<   13:05   0:00 [kworker/R-scsi_tmf_0]
root          66  0.0  0.0      0     0 ?        S    13:05   0:00 [scsi_eh_1]
root          67  0.0  0.0      0     0 ?        I<   13:05   0:00 [kworker/R-scsi_tmf_1]
root          70  0.0  0.0      0     0 ?        I<   13:05   0:00 [kworker/R-mld]
root          71  0.0  0.0      0     0 ?        I<   13:05   0:00 [kworker/R-ipv6_addrconf]
root          72  0.0  0.0      0     0 ?        I<   13:05   0:00 [kworker/R-kstrp]
root          73  0.0  0.0      0     0 ?        I    13:05   0:00 [kworker/u8:1-ipv6_addrconf]
root          75  0.0  0.0      0     0 ?        I<   13:05   0:00 [kworker/u11:0]
root          76  0.0  0.0      0     0 ?        I<   13:05   0:00 [kworker/u12:0]
root          77  0.0  0.0      0     0 ?        I<   13:05   0:00 [kworker/u13:0-ttm]
root          88  0.0  0.0      0     0 ?        I<   13:05   0:00 [kworker/R-charger_manager]
root         218  0.0  0.0      0     0 ?        S    13:05   0:00 [irq/18-vmwgfx]
root         220  0.0  0.0      0     0 ?        I<   13:05   0:00 [kworker/R-ttm]
root         350  0.0  0.0      0     0 ?        I<   13:05   0:00 [kworker/R-iprt-VBoxWQueue]
root         351  0.0  0.0      0     0 ?        S    13:05   0:00 [scsi_eh_2]
root         352  0.0  0.0      0     0 ?        I<   13:05   0:00 [kworker/R-scsi_tmf_2]
root         371  0.7  0.0      0     0 ?        S    13:05   3:30 [jbd2/sda2-8]
root         372  0.0  0.0      0     0 ?        I<   13:05   0:00 [kworker/R-ext4-rsv-conversion]
root         773  3.4  0.0  13380  3296 ?        S<sl 13:05  16:20 /usr/sbin/auditd
avahi       1084  0.0  0.1   6740  4900 ?        Ss   13:05   0:02 avahi-daemon: running [bunny-VirtualBox.local]
root        1085  0.0  0.0   2888  2004 ?        Ss   13:05   0:00 /bin/sh /usr/lib/systemd/scripts/chronyd-starter.sh -n -F 1
message+    1086 37.3  0.2  12332  9232 ?        Ss   13:05 175:18 @dbus-daemon --system --address=systemd: --nofork --nopidfile --systemd-activation --syslog-only
root        1115  0.0  0.8  58108 30104 ?        Ss   13:05   0:00 /usr/bin/python3 /usr/bin/networkd-dispatcher --run-startup-triggers
polkitd     1117  0.0  0.3 398256 13144 ?        Ssl  13:05   0:23 /usr/lib/polkit-1/polkitd --no-debug --log-level=notice
root        1145  0.1  0.2 320824  8640 ?        Ssl  13:05   0:38 /usr/libexec/accounts-daemon
root        1158  0.0  0.0  18344  3420 ?        Ss   13:05   0:02 /usr/sbin/cron -f -P
root        1162  0.0  0.2 319344  8080 ?        Ssl  13:05   0:00 /usr/libexec/switcheroo-control
root        1178  0.0  0.4 543880 16100 ?        Ssl  13:05   0:18 /usr/libexec/udisks2/udisksd
syslog      1207  0.1  0.1 220604  6712 ?        Ssl  13:05   0:51 /usr/sbin/rsyslogd -n -iNONE
avahi       1242  0.0  0.0   6560  1696 ?        S    13:05   0:00 avahi-daemon: chroot helper
_chrony     1324  0.0  0.3  24576 12020 ?        S    13:05   0:12 /usr/sbin/chronyd -n -F 1
root        1345  0.2  0.6 831216 22600 ?        Ssl  13:05   1:15 /usr/sbin/NetworkManager --no-daemon
root        1349  0.0  0.2  17956  7104 ?        Ss   13:05   0:03 /usr/sbin/wpa_supplicant -u -s -O DIR=/run/wpa_supplicant GROUP=netdev
root        1374  0.0  0.4 391608 14096 ?        Ssl  13:05   0:00 /usr/sbin/ModemManager
_chrony     1380  0.0  0.0  12120  3408 ?        S    13:05   0:01 /usr/sbin/chronyd -n -F 1
root        1914  1.2  0.8 173716 30168 ?        R    13:06   5:38 /opt/sysmon/sysmon -i /opt/sysmon/config.xml -service
root        1942  1.7  0.0 364616  3276 ?        Sl   13:06   8:17 /usr/bin/VBoxDRMClient
root        1945  0.5  0.1 368900  3876 ?        Sl   13:06   2:45 /usr/sbin/VBoxService --pidfile /var/run/vboxadd-service.sh
root        1981  0.0  0.9 137380 32940 ?        Ssl  13:06   0:00 /usr/bin/python3 /usr/share/unattended-upgrades/unattended-upgrade-shutdown --wait-for-signal
root        1988  0.0  0.2  10736  7764 ?        Ss   13:06   0:00 sshd: /usr/sbin/sshd -D [listener] 0 of 10-100 startups
root        2035  0.0  0.0      0     0 ?        I<   13:06   0:00 [kworker/u13:1-ttm]
root        2038  0.0  0.3 396020 10836 ?        Ssl  13:06   0:06 /usr/sbin/gdm3
root        2064  0.0  0.0      0     0 ?        S    13:06   0:00 [psimon]
rtkit       2202  0.1  0.1  87408  3640 ?        SNsl 13:06   0:29 /usr/libexec/rtkit-daemon
colord      2354  0.0  0.4 328840 16544 ?        Ssl  13:06   0:00 /usr/libexec/colord
root        2391  0.8  0.3 330600 12316 ?        Ssl  13:06   3:52 /usr/libexec/upowerd
root        2545  0.0  0.2 320556  7908 ?        Ssl  13:06   0:00 /usr/libexec/power-profiles-daemon
geoclue     2745  0.1  0.8 1098128 28024 ?       Ssl  13:06   0:32 /usr/libexec/geoclue
root        4519  0.0  1.3 498228 46532 ?        Ssl  13:10   0:26 /usr/libexec/fwupd/fwupd
root        4649  0.0  0.0      0     0 ?        S    13:11   0:00 [audit_prune_tree]
root        4746  0.0  0.3  40752 13144 ?        Ss   13:19   0:00 /usr/sbin/cupsd -l
cups-br+    4748  0.0  0.6 207532 22928 ?        Ssl  13:19   0:00 /usr/sbin/cups-browsed
uuidd       4998  0.0  0.0  19388  3424 ?        Ss   13:30   0:00 /usr/sbin/uuidd --socket-activation --cont-clock
root        7401  0.0  0.0      0     0 ?        I<   14:23   0:00 [kworker/R-ib-comp-wq]
root        7403  0.0  0.0      0     0 ?        I<   14:23   0:00 [kworker/R-ib-comp-unb-wq]
root        7406  0.0  0.0      0     0 ?        I<   14:23   0:00 [kworker/R-ib_mcast]
root        7407  0.0  0.0      0     0 ?        I<   14:23   0:00 [kworker/R-ib_nl_sa_wq]
root        8757  0.1  0.0      0     0 ?        I<   16:40   0:21 [kworker/0:1H-kblockd]
root        8852  0.0  0.0      0     0 ?        I<   16:50   0:00 [kworker/1:0H-kblockd]
root        8859  0.0  0.0      0     0 ?        I    16:50   0:02 [kworker/u9:3-events_unbound]
root        8880  0.0  0.0      0     0 ?        I    16:51   0:04 [kworker/0:0-events]
root        8954  0.4  1.1 1850780 41180 ?       Ssl  20:10   0:12 /snap/snapd/current/usr/lib/snapd/snapd
root        9007  0.0  0.0      0     0 ?        I    20:10   0:00 [kworker/u10:0-events_unbound]
systemd+    9143  0.0  0.2  16972  7728 ?        Ss   20:10   0:02 /usr/lib/systemd/systemd-oomd
root        9243  0.0  0.0      0     0 ?        I<   20:11   0:00 [kworker/1:2H-kblockd]
root        9351  0.0  0.0      0     0 ?        I<   20:16   0:00 [kworker/0:2H]
root        9362  0.0  0.0      0     0 ?        I    20:25   0:01 [kworker/u9:4-events_power_efficient]
root        9369  0.3  0.8  59084 28620 ?        S<s  20:25   0:06 /usr/lib/systemd/systemd-journald
systemd+    9381  0.0  0.4  22672 15076 ?        Ss   20:25   0:00 /usr/lib/systemd/systemd-resolved
root        9443  0.0  0.3  39064 12764 ?        Ss   20:25   0:01 /usr/lib/systemd/systemd-udevd
root        9479  0.0  0.0      0     0 ?        S    20:25   0:00 [psimon]
root        9500  0.1  0.2  18800  9856 ?        Ss   20:25   0:02 /usr/lib/systemd/systemd-logind
root        9729  0.0  0.0      0     0 ?        I    20:26   0:01 [kworker/u10:1-events_unbound]
root        9825  0.0  0.0      0     0 ?        I    20:26   0:00 [kworker/u10:2-events_power_efficient]
root       11067  0.0  0.0      0     0 ?        I    20:40   0:00 [kworker/1:0-events]
root       11069  0.0  0.0      0     0 ?        I    20:40   0:00 [kworker/u9:0-ext4-rsv-conversion]
root       11116  0.0  0.0      0     0 ?        I<   20:44   0:00 [kworker/u12:2-ttm]
root       11363  0.1  0.0      0     0 ?        I    20:44   0:00 [kworker/1:3-events]
root       12516  0.0  0.3 184164 10964 ?        Sl   20:45   0:00 gdm-session-worker [pam/gdm-password]
bunny      12605  0.1  0.4  23668 15060 ?        Ss   20:45   0:00 /usr/lib/systemd/systemd --user
bunny      12613  0.0  0.1  23452  4332 ?        S    20:45   0:00 (sd-pam)
bunny      12633  0.1  0.2  10056  7068 ?        Ss   20:45   0:00 /usr/bin/dbus-daemon --session --address=systemd: --nofork --nopidfile --systemd-activation --syslog-only
bunny      12634  0.0  0.3 114568 12660 ?        S<sl 20:45   0:00 /usr/bin/pipewire
bunny      12640  0.0  0.3 194520 11180 ?        SLsl 20:45   0:00 /usr/bin/gnome-keyring-daemon --foreground --components=pkcs11,secrets --control-directory=/run/user/1000/keyring
bunny      12645  0.0  0.1   7560  4048 ?        Ss   20:45   0:00 /usr/bin/mpris-proxy
bunny      12660  0.0  0.6 498980 22872 ?        S<sl 20:45   0:00 /usr/bin/wireplumber
bunny      12661  0.0  0.1  96096  5920 ?        Ssl  20:45   0:00 /usr/bin/pipewire -c filter-chain.conf
bunny      12667  0.0  0.3 188316 12616 ?        S<sl 20:45   0:00 /usr/bin/pipewire-pulse
bunny      12714  0.0  0.1 179480  6760 tty2     Ssl+ 20:45   0:00 /usr/libexec/gdm-wayland-session /usr/bin/gnome-session --session=ubuntu
bunny      12743  0.0  0.2 175204  9640 tty2     Sl+  20:45   0:00 /usr/libexec/gnome-session-init-worker ubuntu
bunny      12826  0.0  0.2 698376  7848 ?        Ssl  20:45   0:00 /usr/libexec/xdg-document-portal
bunny      12837  0.0  0.2 318648  7012 ?        Ssl  20:45   0:00 /usr/libexec/xdg-permission-store
root       12864  0.0  0.0   2792  2300 ?        Ss   20:45   0:00 fusermount3 -o rw,nosuid,nodev,fsname=portal,auto_unmount,subtype=portal -- /run/user/1000/doc
bunny      12916  0.0  0.2  97552  7932 ?        Ssl  20:45   0:00 /usr/libexec/gcr-ssh-agent --base-dir /run/user/1000/gcr
bunny      12917  0.0  0.1  98492  5968 ?        Ssl  20:45   0:00 /usr/libexec/gnome-session-ctl --monitor
bunny      12920  0.0  0.1  10480  6748 ?        Ss   20:45   0:00 /usr/bin/ssh-agent -D
bunny      12966  0.0  0.2 324228  9100 ?        Ssl  20:45   0:00 /usr/libexec/gvfsd
bunny      12986  0.0  0.2 409652  7956 ?        Sl   20:45   0:00 /usr/libexec/gvfsd-fuse /run/user/1000/gvfs -f
bunny      12994  0.0  0.3 550816 11504 ?        Ssl  20:45   0:00 /usr/libexec/gnome-session-service --session=ubuntu
bunny      13015  5.0 13.0 4065316 455232 ?      Ssl  20:45   0:31 /usr/bin/gnome-shell --mode=ubuntu
bunny      13040  0.0  0.2 381076  8044 ?        Ssl  20:45   0:00 /usr/libexec/at-spi-bus-launcher
bunny      13047  0.0  0.1   8604  5280 ?        S    20:45   0:00 /usr/bin/dbus-daemon --config-file=/usr/share/defaults/at-spi2/accessibility.conf --nofork --print-address 11 --address=unix:path=/run/user/1000/at-spi/bus
bunny      13049  0.0  0.2 168680  7904 ?        Sl   20:45   0:00 /usr/libexec/at-spi2-registryd --use-gnome-session
bunny      13062  0.0  0.5 658608 19812 ?        Sl   20:45   0:00 /usr/libexec/gnome-shell-calendar-server
bunny      13073  0.0  1.3 618836 46520 ?        Ssl  20:45   0:00 /usr/libexec/evolution-source-registry
bunny      13081  0.0  0.9 2670996 32592 ?       Sl   20:45   0:00 /usr/bin/gjs -m /usr/share/gnome-shell/org.gnome.Shell.Notifications
bunny      13096  0.2  0.3 396808 11736 ?        Ssl  20:45   0:01 /usr/bin/ibus-daemon --panel disable
bunny      13097  0.0  0.3 265020 10568 ?        Ssl  20:45   0:00 /usr/libexec/gsd-a11y-settings
bunny      13103  0.0  0.3 402252 11092 ?        Ssl  20:45   0:00 /usr/libexec/gsd-color
bunny      13104  0.0  0.3 271384 12632 ?        Ssl  20:45   0:00 /usr/libexec/gsd-datetime
bunny      13105  0.0  0.3 401992 11016 ?        Ssl  20:45   0:00 /usr/libexec/gsd-housekeeping
bunny      13106  0.0  0.2 394360  8272 ?        Ssl  20:45   0:00 /usr/libexec/gsd-keyboard
bunny      13110  0.0  0.4 571156 15112 ?        Ssl  20:45   0:00 /usr/libexec/gsd-media-keys
bunny      13112  0.0  0.3 552152 11956 ?        Ssl  20:45   0:00 /usr/libexec/gsd-power
bunny      13115  0.0  0.4 338848 14460 ?        Ssl  20:45   0:00 /usr/libexec/gsd-print-notifications
bunny      13118  0.0  0.2 468208  8416 ?        Ssl  20:45   0:00 /usr/libexec/gsd-rfkill
bunny      13124  0.0  0.2 312172  9700 ?        Sl   20:45   0:00 /usr/libexec/gsd-disk-utility-notify
bunny      13131  0.0  0.9 654524 34748 ?        Sl   20:45   0:00 /usr/bin/update-notifier
bunny      13134  0.0  1.8 850852 64884 ?        Sl   20:45   0:00 /usr/libexec/evolution-data-server/evolution-alarm-notify
bunny      13141  0.0  0.2 181116  7472 ?        Ssl  20:45   0:00 /usr/libexec/gsd-screensaver-proxy
bunny      13147  0.0  0.3 478624 13112 ?        Ssl  20:45   0:00 /usr/libexec/gsd-sharing
bunny      13149  0.0  0.2 396936  9900 ?        Ssl  20:45   0:00 /usr/libexec/gsd-smartcard
bunny      13154  0.0  0.9 478056 32352 ?        Sl   20:45   0:00 /usr/libexec/goa-daemon
bunny      13157  0.0  0.3 266168 10776 ?        Ssl  20:45   0:00 /usr/libexec/gsd-sound
bunny      13160  0.0  0.2 491628  9900 ?        Ssl  20:45   0:00 /usr/libexec/gsd-usb-protection
bunny      13189  0.0  0.3 401636 10860 ?        Ssl  20:45   0:00 /usr/libexec/gsd-wwan
bunny      13193  0.0  0.2 254280  8260 ?        Sl   20:45   0:00 /usr/libexec/ibus-dconf
bunny      13206  0.5  1.0 511172 37008 ?        Sl   20:45   0:03 /usr/libexec/ibus-extension-gtk3
bunny      13218  0.0  0.2 319780  8180 ?        Sl   20:45   0:00 /usr/libexec/ibus-portal
bunny      13244  0.0  0.4  47748 14720 ?        Ss   20:45   0:00 /snap/snapd-desktop-integration/361/usr/bin/snapd-desktop-integration
bunny      13284  0.0  0.3 410760 12744 ?        Sl   20:45   0:00 /usr/libexec/gsd-printer
bunny      13295  0.0  0.7 978356 27252 ?        Ssl  20:45   0:00 /usr/libexec/evolution-calendar-factory
bunny      13320  0.0  0.3 399216 10528 ?        Sl   20:45   0:00 /usr/libexec/goa-identity-service
bunny      13331  0.0  2.0 212356 71024 ?        S    20:45   0:00 /usr/bin/Xwayland :0 -rootless -noreset -accessx -core -auth /run/user/1000/.mutter-Xwaylandauth.TXT8P3 -listenfd 4 -listenfd 5 -displayfd 6 -initfd 7 -byteswappedclients -enable-ei-portal
bunny      13335  0.0  0.8 740668 27936 ?        SNsl 20:45   0:00 /usr/libexec/localsearch-3
bunny      13342  0.0  0.6 640384 21220 ?        Ssl  20:45   0:00 /usr/libexec/xdg-desktop-portal
bunny      13369  0.0  0.9 2538932 32760 ?       Sl   20:45   0:00 /usr/bin/gjs -m /usr/share/gnome-shell/org.gnome.ScreenSaver
bunny      13388  0.0  1.3 904136 46380 ?        Ssl  20:45   0:00 /usr/libexec/xdg-desktop-portal-gnome
bunny      13420  0.0  0.2 180456  8172 ?        Sl   20:45   0:00 /usr/libexec/ibus-engine-simple
bunny      13468  0.0  0.9 837272 31728 ?        Ssl  20:45   0:00 /usr/libexec/evolution-addressbook-factory
bunny      13494  0.0  0.3 619376 12284 ?        Ssl  20:45   0:00 /usr/libexec/gvfs-udisks2-volume-monitor
bunny      13527  0.0  0.2 319116  7356 ?        Ssl  20:45   0:00 /usr/libexec/gvfs-goa-volume-monitor
bunny      13536  0.0  0.2 319164  7432 ?        Ssl  20:45   0:00 /usr/libexec/gvfs-mtp-volume-monitor
bunny      13546  0.0  0.2 320132  7900 ?        Ssl  20:45   0:00 /usr/libexec/gvfs-gphoto2-volume-monitor
bunny      13549  0.0  0.9 518952 31548 ?        Sl   20:45   0:00 /snap/snapd-desktop-integration/361/usr/bin/snapd-desktop-integration
bunny      13566  0.0  0.2 401152  9632 ?        Ssl  20:45   0:00 /usr/libexec/gvfs-afc-volume-monitor
bunny      13673  0.0  0.2 180180  7480 ?        Ssl  20:45   0:00 /usr/libexec/gvfsd-metadata
bunny      13730  0.0  0.1 165336  6736 ?        Ssl  20:45   0:00 /usr/libexec/dconf-service
bunny      13769  0.0  0.3 262604 13728 ?        Ssl  20:45   0:00 /usr/libexec/gsd-xsettings
bunny      13780  0.0  3.4 1139052 118884 ?      Sl   20:45   0:00 /usr/libexec/mutter-x11-frames
bunny      13783  0.0  0.0  28148  1736 ?        S    20:45   0:00 /usr/bin/VBoxClient --clipboard
bunny      13785  0.0  0.1 226968  4556 ?        Sl   20:45   0:00 /usr/bin/VBoxClient --clipboard
bunny      13813  0.0  0.0  28148  1836 ?        S    20:45   0:00 /usr/bin/VBoxClient --vmsvga-session
bunny      13815  0.0  0.0 160252  2404 ?        Sl   20:45   0:00 /usr/bin/VBoxClient --vmsvga-session
bunny      13843  0.0  2.0 374008 72784 ?        Sl   20:45   0:00 /usr/libexec/ibus-x11
bunny      13848  0.0  0.2 619512 10256 ?        Sl   20:45   0:00 /usr/libexec/gvfsd-trash --spawner :1.21 /org/gtk/gvfs/exec_spaw/0
bunny      13908  0.1  2.1 3204264 74976 ?       Sl   20:45   0:00 gjs /usr/share/gnome-shell/extensions/ding@rastersoft.com/app/ding.js -E -P /usr/share/gnome-shell/extensions/ding@rastersoft.com/app
bunny      13922  0.0  0.8 503416 29340 ?        Ssl  20:45   0:00 /usr/libexec/xdg-desktop-portal-gtk
bunny      14032  2.1 11.6 1809568 404680 ?      Sl   20:45   0:12 ptyxis --new-window
bunny      14048  0.0  0.2 239944  8044 ?        Ssl  20:45   0:00 /usr/libexec/ptyxis-agent --socket-fd=3 --rlimit-nofile=1024
bunny      14073  0.0  0.1  20108  5912 pts/0    Ss   20:45   0:00 /usr/bin/bash
bunny      14138  0.0  0.1  20108  5908 pts/1    Ss   20:47   0:00 /usr/bin/bash
bunny      14165  0.0  0.1  20108  5904 pts/2    Ss   20:47   0:00 /usr/bin/bash
bunny      14175  0.0  0.6  46672 22516 pts/2    S+   20:47   0:00 python3 -m http.server 8080
root       14180  0.0  0.1  24264  6820 pts/1    S+   20:48   0:00 sudo tcpdump -i lo -nn port 8080
root       14187  0.0  0.0  24264  2260 pts/3    Ss   20:48   0:00 sudo tcpdump -i lo -nn port 8080
tcpdump    14188  0.0  0.2  19216  9244 pts/3    S+   20:48   0:00 tcpdump -i lo -nn port 8080
root       14195  0.0  0.0      0     0 ?        I    20:50   0:00 [kworker/0:1-events]
bunny      14239  0.0  0.2 324584  9684 ?        Sl   20:50   0:00 /usr/libexec/gvfsd-recent --spawner :1.21 /org/gtk/gvfs/exec_spaw/1
bunny      14250  0.0  0.2 398540  9832 ?        Sl   20:50   0:00 /usr/libexec/gvfsd-network --spawner :1.21 /org/gtk/gvfs/exec_spaw/2
bunny      14263  0.0  0.2 399556  9816 ?        Sl   20:50   0:00 /usr/libexec/gvfsd-dnssd --spawner :1.21 /org/gtk/gvfs/exec_spaw/3
bunny      14270  0.0  0.2 397972  9588 ?        Sl   20:50   0:00 /usr/libexec/gvfsd-wsdd --spawner :1.21 /org/gtk/gvfs/exec_spaw/4
bunny      14275  0.0  0.9  56084 33592 ?        S    20:50   0:00 python3 /usr/bin/wsdd --no-host --discovery --listen /run/user/1000/gvfsd/wsdd
root       14305  0.0  0.0      0     0 ?        I    20:50   0:00 [kworker/1:1-events]
root       14410  0.2  0.0      0     0 ?        I    20:52   0:00 [kworker/u9:1-events_unbound]
root       14421  0.1  0.0      0     0 ?        I    20:52   0:00 [kworker/u10:3-ext4-rsv-conversion]
bunny      14594  1.9  0.1  20768  6136 pts/0    S+   20:53   0:02 htop
bunny      14633  0.0  0.1  20108  5968 pts/4    Ss   20:53   0:00 /usr/bin/bash
bunny      14645  0.0  0.1  18820  3920 pts/4    S+   20:55   0:00 bash
bunny      14660  100  0.1  21188  4868 pts/4    R+   20:55   0:00 ps aux
[2026-05-30 20:55:29] PROCESS_DISCOVERY_COMPLETE
[2026-05-30 20:55:29] ARTIFACT_CREATION_START
[2026-05-30 20:55:29] ARTIFACT_CREATED:/tmp/.enc_exec_marker
[2026-05-30 20:55:29] NETWORK_ACTIVITY_START
<!DOCTYPE HTML>
<html lang="en">
    <head>
        <meta charset="utf-8">
        <style type="text/css">
            :root {
                color-scheme: light dark;
            }
        </style>
        <title>Error response</title>
    </head>
    <body>
        <h1>Error response</h1>
        <p>Error code: 404</p>
        <p>Message: File not found.</p>
        <p>Error code explanation: 404 - Nothing matches the given URI.</p>
    </body>
</html>
[2026-05-30 20:55:29] NETWORK_ACTIVITY_COMPLETE
[2026-05-30 20:55:29] PAYLOAD_COMPLETE
